// Jest Snapshot v1, https://goo.gl/fbAQLP

exports[`Modal should render successfully 1`] = `
<DocumentFragment>
  <div
    class="styles__Container-sc-1gw39cm-1 bbYbUE"
  >
    <div
      class="styles__Positioned-sc-1gw39cm-0 YyMDn"
    >
      <div
        class="styles__Background-sc-1gw39cm-2 hEMrXN"
        style="opacity: 0;"
      />
      <div
        class="styles__Content-sc-1gw39cm-3 gRbZeu"
        style="transform: translateY(75%) translateZ(0);"
      >
        <div
          class="styles__Header-sc-1gw39cm-5 gtTjli"
        >
          Modal Test
          <svg
            aria-hidden="true"
            class="StyledIconBase-ea9ulj-0 bsimgx styles__CloseIcon-sc-1gw39cm-4 gjtfyv"
            fill="currentColor"
            focusable="false"
            height="1.5em"
            viewBox="0 0 352 512"
            width="1.5em"
            xmlns="http://www.w3.org/2000/svg"
          >
            <path
              d="m242.72 256 100.07-100.07c12.28-12.28 12.28-32.19 0-44.48l-22.24-22.24c-12.28-12.28-32.19-12.28-44.48 0L176 189.28 75.93 89.21c-12.28-12.28-32.19-12.28-44.48 0L9.21 111.45c-12.28 12.28-12.28 32.19 0 44.48L109.28 256 9.21 356.07c-12.28 12.28-12.28 32.19 0 44.48l22.24 22.24c12.28 12.28 32.2 12.28 44.48 0L176 322.72l100.07 100.07c12.28 12.28 32.2 12.28 44.48 0l22.24-22.24c12.28-12.28 12.28-32.19 0-44.48L242.72 256z"
              fill="currentColor"
            />
          </svg>
        </div>
        <div
          class="styles__Scrollable-sc-1gw39cm-6 gdvgUq"
        >
          <div>
            Content
          </div>
        </div>
      </div>
    </div>
  </div>
</DocumentFragment>
`;
