// Jest Snapshot v1, https://goo.gl/fbAQLP

exports[`Pagination should render successfully 1`] = `
<DocumentFragment>
  <div
    class="styles__PaginationContainer-sc-1pxi0jf-0 hyggEk"
  >
    <div
      class="styles__PaginationDiv-sc-1pxi0jf-1 dSpzUZ"
    >
      <button
        class="styles__ButtonContainer-sc-9v32al-0 kRkStR"
      >
        Prev
      </button>
      <span
        class="styles__PaginationText-sc-1pxi0jf-2 eSGdAL"
      >
        2 of 34
      </span>
      <button
        class="styles__ButtonContainer-sc-9v32al-0 kRkStR"
      >
        Next
      </button>
    </div>
  </div>
</DocumentFragment>
`;
